2025-08-31 04:06:52,380 - RTPM_APP - INFO - Processing worker started.
2025-08-31 04:06:52,381 - RTPM_APP - INFO - Data updater started.
2025-08-31 04:07:11,032 - RTPM_APP - INFO - Processing worker finished.
2025-08-31 04:33:42,421 - RTPM_APP - INFO - Processing worker started.
2025-08-31 04:33:42,421 - RTPM_APP - INFO - Data updater started.
2025-08-31 04:33:57,623 - RTPM_APP - INFO - Processing worker finished.
2025-08-31 04:35:12,417 - RTPM_APP - INFO - Data updater started.
2025-08-31 04:35:12,417 - RTPM_APP - INFO - Processing worker started.
2025-08-31 04:36:27,363 - RTPM_APP - INFO - Data updater started.
2025-08-31 04:36:27,363 - RTPM_APP - INFO - Processing worker started.
2025-08-31 04:36:53,913 - RTPM_APP - INFO - Processing worker finished.
2025-08-31 04:37:00,511 - RTPM_APP - INFO - Data updater started.
2025-08-31 04:37:00,511 - RTPM_APP - INFO - Processing worker started.
2025-08-31 04:37:00,755 - RTPM_APP - WARNING - Frame sync mismatch: expected 1, got 158
2025-08-31 04:37:00,757 - RTPM_APP - WARNING - Frame sync mismatch: expected 2, got 159
2025-08-31 04:37:00,849 - RTPM_APP - WARNING - Frame sync mismatch: expected 3, got 1
2025-08-31 04:37:00,968 - RTPM_APP - WARNING - Frame sync mismatch: expected 4, got 2
2025-08-31 04:37:00,972 - RTPM_APP - WARNING - Frame sync mismatch: expected 5, got 3
2025-08-31 04:37:01,102 - RTPM_APP - WARNING - Frame sync mismatch: expected 6, got 4
2025-08-31 04:37:01,105 - RTPM_APP - WARNING - Frame sync mismatch: expected 7, got 5
2025-08-31 04:37:01,233 - RTPM_APP - WARNING - Frame sync mismatch: expected 8, got 6
2025-08-31 04:37:01,353 - RTPM_APP - WARNING - Frame sync mismatch: expected 9, got 7
2025-08-31 04:37:01,358 - RTPM_APP - WARNING - Frame sync mismatch: expected 10, got 8
2025-08-31 04:37:01,449 - RTPM_APP - WARNING - Frame sync mismatch: expected 11, got 9
2025-08-31 04:37:01,480 - RTPM_APP - WARNING - Frame sync mismatch: expected 12, got 10
2025-08-31 04:37:01,556 - RTPM_APP - WARNING - Frame sync mismatch: expected 13, got 11
2025-08-31 04:37:01,685 - RTPM_APP - WARNING - Frame sync mismatch: expected 14, got 12
2025-08-31 04:37:01,806 - RTPM_APP - WARNING - Frame sync mismatch: expected 15, got 13
2025-08-31 04:37:01,810 - RTPM_APP - WARNING - Frame sync mismatch: expected 16, got 14
2025-08-31 04:37:01,939 - RTPM_APP - WARNING - Frame sync mismatch: expected 17, got 15
2025-08-31 04:37:01,943 - RTPM_APP - WARNING - Frame sync mismatch: expected 18, got 16
2025-08-31 04:37:02,075 - RTPM_APP - WARNING - Frame sync mismatch: expected 19, got 17
2025-08-31 04:37:02,078 - RTPM_APP - WARNING - Frame sync mismatch: expected 20, got 18
2025-08-31 04:37:02,188 - RTPM_APP - WARNING - Frame sync mismatch: expected 21, got 19
2025-08-31 04:37:02,310 - RTPM_APP - WARNING - Frame sync mismatch: expected 22, got 20
2025-08-31 04:37:02,313 - RTPM_APP - WARNING - Frame sync mismatch: expected 23, got 21
2025-08-31 04:37:02,437 - RTPM_APP - WARNING - Frame sync mismatch: expected 24, got 22
2025-08-31 04:37:02,544 - RTPM_APP - WARNING - Frame sync mismatch: expected 25, got 23
2025-08-31 04:37:02,546 - RTPM_APP - WARNING - Frame sync mismatch: expected 26, got 24
2025-08-31 04:37:02,664 - RTPM_APP - WARNING - Frame sync mismatch: expected 27, got 25
2025-08-31 04:37:02,765 - RTPM_APP - WARNING - Frame sync mismatch: expected 28, got 26
2025-08-31 04:37:02,770 - RTPM_APP - WARNING - Frame sync mismatch: expected 29, got 27
2025-08-31 04:37:02,819 - RTPM_APP - WARNING - Frame sync mismatch: expected 30, got 28
2025-08-31 04:37:03,008 - RTPM_APP - WARNING - Frame sync mismatch: expected 31, got 29
2025-08-31 04:37:03,094 - RTPM_APP - WARNING - Frame sync mismatch: expected 32, got 30
2025-08-31 04:37:03,183 - RTPM_APP - WARNING - Frame sync mismatch: expected 33, got 31
2025-08-31 04:37:03,277 - RTPM_APP - WARNING - Frame sync mismatch: expected 34, got 32
2025-08-31 04:37:03,354 - RTPM_APP - WARNING - Frame sync mismatch: expected 35, got 33
2025-08-31 04:37:03,422 - RTPM_APP - WARNING - Frame sync mismatch: expected 36, got 34
2025-08-31 04:37:03,507 - RTPM_APP - WARNING - Frame sync mismatch: expected 37, got 35
2025-08-31 04:37:03,550 - RTPM_APP - WARNING - Frame sync mismatch: expected 38, got 36
2025-08-31 04:37:03,701 - RTPM_APP - WARNING - Frame sync mismatch: expected 39, got 37
2025-08-31 04:37:03,781 - RTPM_APP - WARNING - Frame sync mismatch: expected 40, got 38
2025-08-31 04:37:03,868 - RTPM_APP - WARNING - Frame sync mismatch: expected 41, got 39
2025-08-31 04:37:03,937 - RTPM_APP - WARNING - Frame sync mismatch: expected 42, got 40
2025-08-31 04:37:04,014 - RTPM_APP - WARNING - Frame sync mismatch: expected 43, got 41
2025-08-31 04:37:04,113 - RTPM_APP - WARNING - Frame sync mismatch: expected 44, got 42
2025-08-31 04:37:04,199 - RTPM_APP - WARNING - Frame sync mismatch: expected 45, got 43
2025-08-31 04:37:04,301 - RTPM_APP - WARNING - Frame sync mismatch: expected 46, got 44
2025-08-31 04:37:04,395 - RTPM_APP - WARNING - Frame sync mismatch: expected 47, got 45
2025-08-31 04:37:04,496 - RTPM_APP - WARNING - Frame sync mismatch: expected 48, got 46
2025-08-31 04:37:04,594 - RTPM_APP - WARNING - Frame sync mismatch: expected 49, got 47
2025-08-31 04:37:04,666 - RTPM_APP - WARNING - Frame sync mismatch: expected 50, got 48
2025-08-31 04:37:04,751 - RTPM_APP - WARNING - Frame sync mismatch: expected 51, got 49
2025-08-31 04:37:04,839 - RTPM_APP - WARNING - Frame sync mismatch: expected 52, got 50
2025-08-31 04:37:04,931 - RTPM_APP - WARNING - Frame sync mismatch: expected 53, got 51
2025-08-31 04:37:05,002 - RTPM_APP - WARNING - Frame sync mismatch: expected 54, got 52
2025-08-31 04:37:05,095 - RTPM_APP - WARNING - Frame sync mismatch: expected 55, got 53
2025-08-31 04:37:05,187 - RTPM_APP - WARNING - Frame sync mismatch: expected 56, got 54
2025-08-31 04:37:05,271 - RTPM_APP - WARNING - Frame sync mismatch: expected 57, got 55
2025-08-31 04:37:05,363 - RTPM_APP - WARNING - Frame sync mismatch: expected 58, got 56
2025-08-31 04:37:05,442 - RTPM_APP - WARNING - Frame sync mismatch: expected 59, got 57
2025-08-31 04:37:05,521 - RTPM_APP - WARNING - Frame sync mismatch: expected 60, got 58
2025-08-31 04:37:05,600 - RTPM_APP - WARNING - Frame sync mismatch: expected 61, got 59
2025-08-31 04:37:05,694 - RTPM_APP - WARNING - Frame sync mismatch: expected 62, got 60
2025-08-31 04:37:05,781 - RTPM_APP - WARNING - Frame sync mismatch: expected 63, got 61
2025-08-31 04:37:05,886 - RTPM_APP - WARNING - Frame sync mismatch: expected 64, got 62
2025-08-31 04:37:05,966 - RTPM_APP - WARNING - Frame sync mismatch: expected 65, got 63
2025-08-31 04:37:06,058 - RTPM_APP - WARNING - Frame sync mismatch: expected 66, got 64
2025-08-31 04:37:06,144 - RTPM_APP - WARNING - Frame sync mismatch: expected 67, got 65
2025-08-31 04:37:06,231 - RTPM_APP - WARNING - Frame sync mismatch: expected 68, got 66
2025-08-31 04:37:06,327 - RTPM_APP - WARNING - Frame sync mismatch: expected 69, got 67
2025-08-31 04:37:06,445 - RTPM_APP - WARNING - Frame sync mismatch: expected 70, got 68
2025-08-31 04:37:06,516 - RTPM_APP - WARNING - Frame sync mismatch: expected 71, got 69
2025-08-31 04:37:06,601 - RTPM_APP - WARNING - Frame sync mismatch: expected 72, got 70
2025-08-31 04:37:06,673 - RTPM_APP - WARNING - Frame sync mismatch: expected 73, got 71
2025-08-31 04:37:06,761 - RTPM_APP - WARNING - Frame sync mismatch: expected 74, got 72
2025-08-31 04:37:06,851 - RTPM_APP - WARNING - Frame sync mismatch: expected 75, got 73
2025-08-31 04:37:06,941 - RTPM_APP - WARNING - Frame sync mismatch: expected 76, got 74
2025-08-31 04:37:07,030 - RTPM_APP - WARNING - Frame sync mismatch: expected 77, got 75
2025-08-31 04:37:07,114 - RTPM_APP - WARNING - Frame sync mismatch: expected 78, got 76
2025-08-31 04:37:07,195 - RTPM_APP - WARNING - Frame sync mismatch: expected 79, got 77
2025-08-31 04:37:07,288 - RTPM_APP - WARNING - Frame sync mismatch: expected 80, got 78
2025-08-31 04:37:07,379 - RTPM_APP - WARNING - Frame sync mismatch: expected 81, got 79
2025-08-31 04:37:07,466 - RTPM_APP - WARNING - Frame sync mismatch: expected 82, got 80
2025-08-31 04:37:07,552 - RTPM_APP - WARNING - Frame sync mismatch: expected 83, got 81
2025-08-31 04:37:07,631 - RTPM_APP - WARNING - Frame sync mismatch: expected 84, got 82
2025-08-31 04:37:07,714 - RTPM_APP - WARNING - Frame sync mismatch: expected 85, got 83
2025-08-31 04:37:07,794 - RTPM_APP - WARNING - Frame sync mismatch: expected 86, got 84
2025-08-31 04:37:07,890 - RTPM_APP - WARNING - Frame sync mismatch: expected 87, got 85
2025-08-31 04:37:07,984 - RTPM_APP - WARNING - Frame sync mismatch: expected 88, got 86
2025-08-31 04:37:08,083 - RTPM_APP - WARNING - Frame sync mismatch: expected 89, got 87
2025-08-31 04:37:08,174 - RTPM_APP - WARNING - Frame sync mismatch: expected 90, got 88
2025-08-31 04:37:08,262 - RTPM_APP - WARNING - Frame sync mismatch: expected 91, got 89
2025-08-31 04:37:08,358 - RTPM_APP - WARNING - Frame sync mismatch: expected 92, got 90
2025-08-31 04:37:08,435 - RTPM_APP - WARNING - Frame sync mismatch: expected 93, got 91
2025-08-31 04:37:08,509 - RTPM_APP - WARNING - Frame sync mismatch: expected 94, got 92
2025-08-31 04:37:08,606 - RTPM_APP - WARNING - Frame sync mismatch: expected 95, got 93
2025-08-31 04:37:08,691 - RTPM_APP - WARNING - Frame sync mismatch: expected 96, got 94
2025-08-31 04:37:08,763 - RTPM_APP - WARNING - Frame sync mismatch: expected 97, got 95
2025-08-31 04:37:08,855 - RTPM_APP - WARNING - Frame sync mismatch: expected 98, got 96
2025-08-31 04:37:08,926 - RTPM_APP - WARNING - Frame sync mismatch: expected 99, got 97
2025-08-31 04:37:09,016 - RTPM_APP - WARNING - Frame sync mismatch: expected 100, got 98
2025-08-31 04:37:09,112 - RTPM_APP - WARNING - Frame sync mismatch: expected 101, got 99
2025-08-31 04:37:09,203 - RTPM_APP - WARNING - Frame sync mismatch: expected 102, got 100
2025-08-31 04:37:09,298 - RTPM_APP - WARNING - Frame sync mismatch: expected 103, got 101
2025-08-31 04:37:09,383 - RTPM_APP - WARNING - Frame sync mismatch: expected 104, got 102
2025-08-31 04:37:09,464 - RTPM_APP - WARNING - Frame sync mismatch: expected 105, got 103
2025-08-31 04:37:09,561 - RTPM_APP - WARNING - Frame sync mismatch: expected 106, got 104
2025-08-31 04:37:09,646 - RTPM_APP - WARNING - Frame sync mismatch: expected 107, got 105
2025-08-31 04:37:09,744 - RTPM_APP - WARNING - Frame sync mismatch: expected 108, got 106
2025-08-31 04:37:09,820 - RTPM_APP - WARNING - Frame sync mismatch: expected 109, got 107
2025-08-31 04:37:09,896 - RTPM_APP - WARNING - Frame sync mismatch: expected 110, got 108
2025-08-31 04:37:09,984 - RTPM_APP - WARNING - Frame sync mismatch: expected 111, got 109
2025-08-31 04:37:10,061 - RTPM_APP - WARNING - Frame sync mismatch: expected 112, got 110
2025-08-31 04:37:10,171 - RTPM_APP - WARNING - Frame sync mismatch: expected 113, got 111
2025-08-31 04:37:10,278 - RTPM_APP - WARNING - Frame sync mismatch: expected 114, got 112
2025-08-31 04:37:10,359 - RTPM_APP - WARNING - Frame sync mismatch: expected 115, got 113
2025-08-31 04:37:10,439 - RTPM_APP - WARNING - Frame sync mismatch: expected 116, got 114
2025-08-31 04:37:10,510 - RTPM_APP - WARNING - Frame sync mismatch: expected 117, got 115
2025-08-31 04:37:10,598 - RTPM_APP - WARNING - Frame sync mismatch: expected 118, got 116
2025-08-31 04:37:10,682 - RTPM_APP - WARNING - Frame sync mismatch: expected 119, got 117
2025-08-31 04:37:10,754 - RTPM_APP - WARNING - Frame sync mismatch: expected 120, got 118
2025-08-31 04:37:10,842 - RTPM_APP - WARNING - Frame sync mismatch: expected 121, got 119
2025-08-31 04:37:10,886 - RTPM_APP - WARNING - Frame sync mismatch: expected 122, got 120
2025-08-31 04:37:11,055 - RTPM_APP - WARNING - Frame sync mismatch: expected 123, got 121
2025-08-31 04:37:11,138 - RTPM_APP - WARNING - Frame sync mismatch: expected 124, got 122
2025-08-31 04:37:11,212 - RTPM_APP - WARNING - Frame sync mismatch: expected 125, got 123
2025-08-31 04:37:11,298 - RTPM_APP - WARNING - Frame sync mismatch: expected 126, got 124
2025-08-31 04:37:11,376 - RTPM_APP - WARNING - Frame sync mismatch: expected 127, got 125
2025-08-31 04:37:11,458 - RTPM_APP - WARNING - Frame sync mismatch: expected 128, got 126
2025-08-31 04:37:11,547 - RTPM_APP - WARNING - Frame sync mismatch: expected 129, got 127
2025-08-31 04:37:11,633 - RTPM_APP - WARNING - Frame sync mismatch: expected 130, got 128
2025-08-31 04:37:11,711 - RTPM_APP - WARNING - Frame sync mismatch: expected 131, got 129
2025-08-31 04:37:11,782 - RTPM_APP - WARNING - Frame sync mismatch: expected 132, got 130
2025-08-31 04:37:11,859 - RTPM_APP - WARNING - Frame sync mismatch: expected 133, got 131
2025-08-31 04:37:11,944 - RTPM_APP - WARNING - Frame sync mismatch: expected 134, got 132
2025-08-31 04:37:12,015 - RTPM_APP - WARNING - Frame sync mismatch: expected 135, got 133
2025-08-31 04:37:12,117 - RTPM_APP - WARNING - Frame sync mismatch: expected 136, got 134
2025-08-31 04:37:12,206 - RTPM_APP - WARNING - Frame sync mismatch: expected 137, got 135
2025-08-31 04:37:12,295 - RTPM_APP - WARNING - Frame sync mismatch: expected 138, got 136
2025-08-31 04:37:12,372 - RTPM_APP - WARNING - Frame sync mismatch: expected 139, got 137
2025-08-31 04:37:12,446 - RTPM_APP - WARNING - Frame sync mismatch: expected 140, got 138
2025-08-31 04:37:12,541 - RTPM_APP - WARNING - Frame sync mismatch: expected 141, got 139
2025-08-31 04:37:12,614 - RTPM_APP - WARNING - Frame sync mismatch: expected 142, got 140
2025-08-31 04:37:12,684 - RTPM_APP - WARNING - Frame sync mismatch: expected 143, got 141
2025-08-31 04:37:12,790 - RTPM_APP - WARNING - Frame sync mismatch: expected 144, got 142
2025-08-31 04:37:12,884 - RTPM_APP - WARNING - Frame sync mismatch: expected 145, got 143
2025-08-31 04:37:12,973 - RTPM_APP - WARNING - Frame sync mismatch: expected 146, got 144
2025-08-31 04:37:13,056 - RTPM_APP - WARNING - Frame sync mismatch: expected 147, got 145
2025-08-31 04:37:13,134 - RTPM_APP - WARNING - Frame sync mismatch: expected 148, got 146
2025-08-31 04:37:13,229 - RTPM_APP - WARNING - Frame sync mismatch: expected 149, got 147
2025-08-31 04:37:13,321 - RTPM_APP - WARNING - Frame sync mismatch: expected 150, got 148
2025-08-31 04:37:13,405 - RTPM_APP - WARNING - Frame sync mismatch: expected 151, got 149
2025-08-31 04:37:13,485 - RTPM_APP - WARNING - Frame sync mismatch: expected 152, got 150
2025-08-31 04:37:13,565 - RTPM_APP - WARNING - Frame sync mismatch: expected 153, got 151
2025-08-31 04:37:13,656 - RTPM_APP - WARNING - Frame sync mismatch: expected 154, got 152
2025-08-31 04:37:13,737 - RTPM_APP - WARNING - Frame sync mismatch: expected 155, got 153
2025-08-31 04:37:13,817 - RTPM_APP - WARNING - Frame sync mismatch: expected 156, got 154
2025-08-31 04:37:13,899 - RTPM_APP - WARNING - Frame sync mismatch: expected 157, got 155
2025-08-31 04:37:13,905 - RTPM_APP - INFO - Processing worker finished.
2025-08-31 04:40:34,493 - RTPM_APP - INFO - Processing worker started.
2025-08-31 04:40:34,493 - RTPM_APP - INFO - Data updater started.
2025-08-31 04:40:55,626 - RTPM_APP - INFO - Processing worker finished.
2025-08-31 04:43:30,677 - RTPM_APP - INFO - Data updater started.
2025-08-31 04:43:30,677 - RTPM_APP - INFO - Processing worker started.
2025-08-31 04:43:45,335 - RTPM_APP - INFO - Processing worker finished.
2025-08-31 04:43:51,279 - RTPM_APP - INFO - Processing worker started.
2025-08-31 04:43:51,279 - RTPM_APP - INFO - Data updater started.
2025-08-31 04:43:51,455 - RTPM_APP - WARNING - Frame sync mismatch: expected 1, got 158
2025-08-31 04:43:51,588 - RTPM_APP - WARNING - Frame sync mismatch: expected 2, got 159
2025-08-31 04:43:51,591 - RTPM_APP - WARNING - Frame sync mismatch: expected 3, got 1
2025-08-31 04:43:51,685 - RTPM_APP - WARNING - Frame sync mismatch: expected 4, got 2
2025-08-31 04:43:51,802 - RTPM_APP - WARNING - Frame sync mismatch: expected 5, got 3
2025-08-31 04:43:51,805 - RTPM_APP - WARNING - Frame sync mismatch: expected 6, got 4
2025-08-31 04:43:51,936 - RTPM_APP - WARNING - Frame sync mismatch: expected 7, got 5
2025-08-31 04:43:51,940 - RTPM_APP - WARNING - Frame sync mismatch: expected 8, got 6
2025-08-31 04:43:52,076 - RTPM_APP - WARNING - Frame sync mismatch: expected 9, got 7
2025-08-31 04:43:52,127 - RTPM_APP - WARNING - Frame sync mismatch: expected 10, got 8
2025-08-31 04:43:52,237 - RTPM_APP - WARNING - Frame sync mismatch: expected 11, got 9
2025-08-31 04:43:52,253 - RTPM_APP - WARNING - Frame sync mismatch: expected 12, got 10
2025-08-31 04:43:52,423 - RTPM_APP - WARNING - Frame sync mismatch: expected 13, got 11
2025-08-31 04:43:52,426 - RTPM_APP - WARNING - Frame sync mismatch: expected 14, got 12
2025-08-31 04:43:52,555 - RTPM_APP - WARNING - Frame sync mismatch: expected 15, got 13
2025-08-31 04:43:52,562 - RTPM_APP - WARNING - Frame sync mismatch: expected 16, got 14
2025-08-31 04:43:52,681 - RTPM_APP - WARNING - Frame sync mismatch: expected 17, got 15
2025-08-31 04:43:52,788 - RTPM_APP - WARNING - Frame sync mismatch: expected 18, got 16
2025-08-31 04:43:52,791 - RTPM_APP - WARNING - Frame sync mismatch: expected 19, got 17
2025-08-31 04:43:52,902 - RTPM_APP - WARNING - Frame sync mismatch: expected 20, got 18
2025-08-31 04:43:53,019 - RTPM_APP - WARNING - Frame sync mismatch: expected 21, got 19
2025-08-31 04:43:53,027 - RTPM_APP - WARNING - Frame sync mismatch: expected 22, got 20
2025-08-31 04:43:53,148 - RTPM_APP - WARNING - Frame sync mismatch: expected 23, got 21
2025-08-31 04:43:53,150 - RTPM_APP - WARNING - Frame sync mismatch: expected 24, got 22
2025-08-31 04:43:53,257 - RTPM_APP - WARNING - Frame sync mismatch: expected 25, got 23
2025-08-31 04:43:53,392 - RTPM_APP - WARNING - Frame sync mismatch: expected 26, got 24
2025-08-31 04:43:53,395 - RTPM_APP - WARNING - Frame sync mismatch: expected 27, got 25
2025-08-31 04:43:53,527 - RTPM_APP - WARNING - Frame sync mismatch: expected 28, got 26
2025-08-31 04:43:53,535 - RTPM_APP - WARNING - Frame sync mismatch: expected 29, got 27
2025-08-31 04:43:53,625 - RTPM_APP - WARNING - Frame sync mismatch: expected 30, got 28
2025-08-31 04:43:53,800 - RTPM_APP - WARNING - Frame sync mismatch: expected 31, got 29
2025-08-31 04:43:53,888 - RTPM_APP - WARNING - Frame sync mismatch: expected 32, got 30
2025-08-31 04:43:53,979 - RTPM_APP - WARNING - Frame sync mismatch: expected 33, got 31
2025-08-31 04:43:54,076 - RTPM_APP - WARNING - Frame sync mismatch: expected 34, got 32
2025-08-31 04:43:54,148 - RTPM_APP - WARNING - Frame sync mismatch: expected 35, got 33
2025-08-31 04:43:54,220 - RTPM_APP - WARNING - Frame sync mismatch: expected 36, got 34
2025-08-31 04:43:54,301 - RTPM_APP - WARNING - Frame sync mismatch: expected 37, got 35
2025-08-31 04:43:54,345 - RTPM_APP - WARNING - Frame sync mismatch: expected 38, got 36
2025-08-31 04:43:54,497 - RTPM_APP - WARNING - Frame sync mismatch: expected 39, got 37
2025-08-31 04:43:54,578 - RTPM_APP - WARNING - Frame sync mismatch: expected 40, got 38
2025-08-31 04:43:54,664 - RTPM_APP - WARNING - Frame sync mismatch: expected 41, got 39
2025-08-31 04:43:54,735 - RTPM_APP - WARNING - Frame sync mismatch: expected 42, got 40
2025-08-31 04:43:54,814 - RTPM_APP - WARNING - Frame sync mismatch: expected 43, got 41
2025-08-31 04:43:54,917 - RTPM_APP - WARNING - Frame sync mismatch: expected 44, got 42
2025-08-31 04:43:55,003 - RTPM_APP - WARNING - Frame sync mismatch: expected 45, got 43
2025-08-31 04:43:55,105 - RTPM_APP - WARNING - Frame sync mismatch: expected 46, got 44
2025-08-31 04:43:55,203 - RTPM_APP - WARNING - Frame sync mismatch: expected 47, got 45
2025-08-31 04:43:55,307 - RTPM_APP - WARNING - Frame sync mismatch: expected 48, got 46
2025-08-31 04:43:55,409 - RTPM_APP - WARNING - Frame sync mismatch: expected 49, got 47
2025-08-31 04:43:55,481 - RTPM_APP - WARNING - Frame sync mismatch: expected 50, got 48
2025-08-31 04:43:55,569 - RTPM_APP - WARNING - Frame sync mismatch: expected 51, got 49
2025-08-31 04:43:55,660 - RTPM_APP - WARNING - Frame sync mismatch: expected 52, got 50
2025-08-31 04:43:55,753 - RTPM_APP - WARNING - Frame sync mismatch: expected 53, got 51
2025-08-31 04:43:55,823 - RTPM_APP - WARNING - Frame sync mismatch: expected 54, got 52
2025-08-31 04:43:55,919 - RTPM_APP - WARNING - Frame sync mismatch: expected 55, got 53
2025-08-31 04:43:56,048 - RTPM_APP - WARNING - Frame sync mismatch: expected 56, got 54
2025-08-31 04:43:56,132 - RTPM_APP - WARNING - Frame sync mismatch: expected 57, got 55
2025-08-31 04:43:56,220 - RTPM_APP - WARNING - Frame sync mismatch: expected 58, got 56
2025-08-31 04:43:56,306 - RTPM_APP - WARNING - Frame sync mismatch: expected 59, got 57
2025-08-31 04:43:56,385 - RTPM_APP - WARNING - Frame sync mismatch: expected 60, got 58
2025-08-31 04:43:56,469 - RTPM_APP - WARNING - Frame sync mismatch: expected 61, got 59
2025-08-31 04:43:56,563 - RTPM_APP - WARNING - Frame sync mismatch: expected 62, got 60
2025-08-31 04:43:56,653 - RTPM_APP - WARNING - Frame sync mismatch: expected 63, got 61
2025-08-31 04:43:56,754 - RTPM_APP - WARNING - Frame sync mismatch: expected 64, got 62
2025-08-31 04:43:56,841 - RTPM_APP - WARNING - Frame sync mismatch: expected 65, got 63
2025-08-31 04:43:56,935 - RTPM_APP - WARNING - Frame sync mismatch: expected 66, got 64
2025-08-31 04:43:57,032 - RTPM_APP - WARNING - Frame sync mismatch: expected 67, got 65
2025-08-31 04:43:57,113 - RTPM_APP - WARNING - Frame sync mismatch: expected 68, got 66
2025-08-31 04:43:57,209 - RTPM_APP - WARNING - Frame sync mismatch: expected 69, got 67
2025-08-31 04:43:57,329 - RTPM_APP - WARNING - Frame sync mismatch: expected 70, got 68
2025-08-31 04:43:57,402 - RTPM_APP - WARNING - Frame sync mismatch: expected 71, got 69
2025-08-31 04:43:57,487 - RTPM_APP - WARNING - Frame sync mismatch: expected 72, got 70
2025-08-31 04:43:57,557 - RTPM_APP - WARNING - Frame sync mismatch: expected 73, got 71
2025-08-31 04:43:57,650 - RTPM_APP - WARNING - Frame sync mismatch: expected 74, got 72
2025-08-31 04:43:57,741 - RTPM_APP - WARNING - Frame sync mismatch: expected 75, got 73
2025-08-31 04:43:57,824 - RTPM_APP - WARNING - Frame sync mismatch: expected 76, got 74
2025-08-31 04:43:57,913 - RTPM_APP - WARNING - Frame sync mismatch: expected 77, got 75
2025-08-31 04:43:57,999 - RTPM_APP - WARNING - Frame sync mismatch: expected 78, got 76
2025-08-31 04:43:58,085 - RTPM_APP - WARNING - Frame sync mismatch: expected 79, got 77
2025-08-31 04:43:58,179 - RTPM_APP - WARNING - Frame sync mismatch: expected 80, got 78
2025-08-31 04:43:58,267 - RTPM_APP - WARNING - Frame sync mismatch: expected 81, got 79
2025-08-31 04:43:58,357 - RTPM_APP - WARNING - Frame sync mismatch: expected 82, got 80
2025-08-31 04:43:58,446 - RTPM_APP - WARNING - Frame sync mismatch: expected 83, got 81
2025-08-31 04:43:58,532 - RTPM_APP - WARNING - Frame sync mismatch: expected 84, got 82
2025-08-31 04:43:58,611 - RTPM_APP - WARNING - Frame sync mismatch: expected 85, got 83
2025-08-31 04:43:58,658 - RTPM_APP - INFO - Data updater finished.
2025-08-31 04:43:58,694 - RTPM_APP - WARNING - Frame sync mismatch: expected 86, got 84
2025-08-31 04:43:58,719 - RTPM_APP - INFO - Processing worker finished.
2025-08-31 04:45:31,789 - RTPM_APP - INFO - Processing worker started.
2025-08-31 04:45:31,789 - RTPM_APP - INFO - Data updater started.
2025-08-31 04:45:53,338 - RTPM_APP - INFO - Processing worker finished.
2025-08-31 04:48:44,291 - RTPM_APP - INFO - Processing worker started.
2025-08-31 04:48:44,291 - RTPM_APP - INFO - Data updater started.
2025-08-31 04:49:00,389 - RTPM_APP - INFO - Processing worker finished.
2025-08-31 04:56:25,632 - RTPM_APP - INFO - Data updater started.
2025-08-31 04:56:25,632 - RTPM_APP - INFO - Processing worker started.
2025-08-31 04:56:46,139 - RTPM_APP - INFO - Processing worker finished.
2025-08-31 04:58:45,630 - RTPM_APP - INFO - Processing worker started.
2025-08-31 04:58:45,630 - RTPM_APP - INFO - Data updater started.
2025-08-31 04:59:07,933 - RTPM_APP - INFO - Processing worker finished.
2025-08-31 05:07:47,601 - RTPM_APP - INFO - Processing worker started.
2025-08-31 05:07:47,601 - RTPM_APP - INFO - Data updater started.
2025-08-31 05:08:03,867 - RTPM_APP - INFO - Processing worker finished.
2025-08-31 05:12:20,721 - RTPM_APP - INFO - Data updater started.
2025-08-31 05:12:20,721 - RTPM_APP - INFO - Processing worker started.
2025-08-31 05:12:46,026 - RTPM_APP - INFO - Processing worker finished.
